http://drupal8.local/sites/simpletest/browser_output/Drupal_Tests_conditional_fields_FunctionalJavascript_ConditionalFieldTermTest-34-99627554.html
http://drupal8.local/sites/simpletest/browser_output/Drupal_Tests_conditional_fields_FunctionalJavascript_ConditionalFieldTermTest-35-99627554.html
http://drupal8.local/sites/simpletest/browser_output/Drupal_Tests_conditional_fields_FunctionalJavascript_ConditionalFieldTermTest-36-99627554.html
http://drupal8.local/sites/simpletest/browser_output/Drupal_Tests_conditional_fields_FunctionalJavascript_ConditionalFieldTermTest-37-99627554.html
http://drupal8.local/sites/simpletest/browser_output/Drupal_Tests_conditional_fields_FunctionalJavascript_ConditionalFieldTermTest-38-99627554.html
http://drupal8.local/sites/simpletest/browser_output/Drupal_Tests_conditional_fields_FunctionalJavascript_ConditionalFieldTermTest-39-99627554.html
http://drupal8.local/sites/simpletest/browser_output/Drupal_Tests_conditional_fields_FunctionalJavascript_ConditionalFieldTermTest-40-99627554.html
http://drupal8.local/sites/simpletest/browser_output/Drupal_Tests_conditional_fields_FunctionalJavascript_ConditionalFieldTermTest-41-79150505.html
http://drupal8.local/sites/simpletest/browser_output/Drupal_Tests_conditional_fields_FunctionalJavascript_ConditionalFieldTermTest-42-79150505.html
http://drupal8.local/sites/simpletest/browser_output/Drupal_Tests_conditional_fields_FunctionalJavascript_ConditionalFieldTermTest-43-79150505.html
http://drupal8.local/sites/simpletest/browser_output/Drupal_Tests_conditional_fields_FunctionalJavascript_ConditionalFieldTermTest-44-79150505.html
http://drupal8.local/sites/simpletest/browser_output/Drupal_Tests_conditional_fields_FunctionalJavascript_ConditionalFieldTermTest-45-79150505.html
http://drupal8.local/sites/simpletest/browser_output/Drupal_Tests_conditional_fields_FunctionalJavascript_ConditionalFieldTermTest-46-79150505.html
http://drupal8.local/sites/simpletest/browser_output/Drupal_Tests_conditional_fields_FunctionalJavascript_ConditionalFieldTermTest-47-79150505.html
http://drupal8.local/sites/simpletest/browser_output/Drupal_Tests_conditional_fields_FunctionalJavascript_ConditionalFieldTermTest-48-14873572.html
http://drupal8.local/sites/simpletest/browser_output/Drupal_Tests_conditional_fields_FunctionalJavascript_ConditionalFieldTermTest-49-14873572.html
http://drupal8.local/sites/simpletest/browser_output/Drupal_Tests_conditional_fields_FunctionalJavascript_ConditionalFieldTermTest-50-14873572.html
http://drupal8.local/sites/simpletest/browser_output/Drupal_Tests_conditional_fields_FunctionalJavascript_ConditionalFieldTermTest-51-14873572.html
http://drupal8.local/sites/simpletest/browser_output/Drupal_Tests_conditional_fields_FunctionalJavascript_ConditionalFieldTermTest-52-14873572.html
http://drupal8.local/sites/simpletest/browser_output/Drupal_Tests_conditional_fields_FunctionalJavascript_ConditionalFieldTermTest-53-14873572.html
http://drupal8.local/sites/simpletest/browser_output/Drupal_Tests_conditional_fields_FunctionalJavascript_ConditionalFieldTermTest-54-14873572.html
http://drupal8.local/sites/simpletest/browser_output/Drupal_Tests_conditional_fields_FunctionalJavascript_ConditionalFieldTermTest-55-61988416.html
http://drupal8.local/sites/simpletest/browser_output/Drupal_Tests_conditional_fields_FunctionalJavascript_ConditionalFieldTermTest-56-61988416.html
http://drupal8.local/sites/simpletest/browser_output/Drupal_Tests_conditional_fields_FunctionalJavascript_ConditionalFieldTermTest-57-61988416.html
http://drupal8.local/sites/simpletest/browser_output/Drupal_Tests_conditional_fields_FunctionalJavascript_ConditionalFieldTermTest-58-61988416.html
http://drupal8.local/sites/simpletest/browser_output/Drupal_Tests_conditional_fields_FunctionalJavascript_ConditionalFieldTermTest-59-61988416.html
http://drupal8.local/sites/simpletest/browser_output/Drupal_Tests_conditional_fields_FunctionalJavascript_ConditionalFieldTermTest-60-61988416.html
http://drupal8.local/sites/simpletest/browser_output/Drupal_Tests_conditional_fields_FunctionalJavascript_ConditionalFieldTermTest-61-61988416.html
http://drupal8.local/sites/simpletest/browser_output/Drupal_Tests_conditional_fields_FunctionalJavascript_ConditionalFieldTermTest-62-69771659.html
http://drupal8.local/sites/simpletest/browser_output/Drupal_Tests_conditional_fields_FunctionalJavascript_ConditionalFieldTermTest-63-69771659.html
http://drupal8.local/sites/simpletest/browser_output/Drupal_Tests_conditional_fields_FunctionalJavascript_ConditionalFieldTermTest-64-69771659.html
http://drupal8.local/sites/simpletest/browser_output/Drupal_Tests_conditional_fields_FunctionalJavascript_ConditionalFieldTermTest-65-69771659.html
http://drupal8.local/sites/simpletest/browser_output/Drupal_Tests_conditional_fields_FunctionalJavascript_ConditionalFieldTermTest-66-69771659.html
http://drupal8.local/sites/simpletest/browser_output/Drupal_Tests_conditional_fields_FunctionalJavascript_ConditionalFieldTermTest-67-69771659.html
http://drupal8.local/sites/simpletest/browser_output/Drupal_Tests_conditional_fields_FunctionalJavascript_ConditionalFieldTermTest-68-69771659.html
http://drupal8.local/sites/simpletest/browser_output/Drupal_Tests_conditional_fields_FunctionalJavascript_ConditionalFieldTermTest-69-21704584.html
http://drupal8.local/sites/simpletest/browser_output/Drupal_Tests_conditional_fields_FunctionalJavascript_ConditionalFieldTermTest-70-21704584.html
http://drupal8.local/sites/simpletest/browser_output/Drupal_Tests_conditional_fields_FunctionalJavascript_ConditionalFieldTermTest-71-21704584.html
http://drupal8.local/sites/simpletest/browser_output/Drupal_Tests_conditional_fields_FunctionalJavascript_ConditionalFieldTermTest-72-21704584.html
http://drupal8.local/sites/simpletest/browser_output/Drupal_Tests_conditional_fields_FunctionalJavascript_ConditionalFieldTermTest-73-21704584.html
http://drupal8.local/sites/simpletest/browser_output/Drupal_Tests_conditional_fields_FunctionalJavascript_ConditionalFieldTermTest-74-21704584.html
http://drupal8.local/sites/simpletest/browser_output/Drupal_Tests_conditional_fields_FunctionalJavascript_ConditionalFieldTermTest-75-21704584.html
http://drupal8.local/sites/simpletest/browser_output/Drupal_Tests_conditional_fields_FunctionalJavascript_ConditionalFieldTermTest-76-84067748.html
http://drupal8.local/sites/simpletest/browser_output/Drupal_Tests_conditional_fields_FunctionalJavascript_ConditionalFieldTermTest-77-84067748.html
http://drupal8.local/sites/simpletest/browser_output/Drupal_Tests_conditional_fields_FunctionalJavascript_ConditionalFieldTermTest-78-84067748.html
http://drupal8.local/sites/simpletest/browser_output/Drupal_Tests_conditional_fields_FunctionalJavascript_ConditionalFieldTermTest-79-84067748.html
http://drupal8.local/sites/simpletest/browser_output/Drupal_Tests_conditional_fields_FunctionalJavascript_ConditionalFieldTermTest-80-84067748.html
http://drupal8.local/sites/simpletest/browser_output/Drupal_Tests_conditional_fields_FunctionalJavascript_ConditionalFieldTermTest-81-84067748.html
http://drupal8.local/sites/simpletest/browser_output/Drupal_Tests_conditional_fields_FunctionalJavascript_ConditionalFieldTermTest-82-84067748.html
http://drupal8.local/sites/simpletest/browser_output/Drupal_Tests_conditional_fields_FunctionalJavascript_ConditionalFieldTermTest-83-31703336.html
http://drupal8.local/sites/simpletest/browser_output/Drupal_Tests_conditional_fields_FunctionalJavascript_ConditionalFieldTermTest-84-31703336.html
http://drupal8.local/sites/simpletest/browser_output/Drupal_Tests_conditional_fields_FunctionalJavascript_ConditionalFieldTermTest-85-31703336.html
http://drupal8.local/sites/simpletest/browser_output/Drupal_Tests_conditional_fields_FunctionalJavascript_ConditionalFieldTermTest-86-31703336.html
http://drupal8.local/sites/simpletest/browser_output/Drupal_Tests_conditional_fields_FunctionalJavascript_ConditionalFieldTermTest-87-31703336.html
http://drupal8.local/sites/simpletest/browser_output/Drupal_Tests_conditional_fields_FunctionalJavascript_ConditionalFieldTermTest-88-31703336.html
http://drupal8.local/sites/simpletest/browser_output/Drupal_Tests_conditional_fields_FunctionalJavascript_ConditionalFieldTermTest-89-31703336.html
http://drupal8.local/sites/simpletest/browser_output/Drupal_Tests_conditional_fields_FunctionalJavascript_ConditionalFieldTermTest-90-84098516.html
http://drupal8.local/sites/simpletest/browser_output/Drupal_Tests_conditional_fields_FunctionalJavascript_ConditionalFieldTermTest-91-84098516.html
http://drupal8.local/sites/simpletest/browser_output/Drupal_Tests_conditional_fields_FunctionalJavascript_ConditionalFieldTermTest-92-84098516.html
http://drupal8.local/sites/simpletest/browser_output/Drupal_Tests_conditional_fields_FunctionalJavascript_ConditionalFieldTermTest-93-84098516.html
http://drupal8.local/sites/simpletest/browser_output/Drupal_Tests_conditional_fields_FunctionalJavascript_ConditionalFieldTermTest-94-84098516.html
http://drupal8.local/sites/simpletest/browser_output/Drupal_Tests_conditional_fields_FunctionalJavascript_ConditionalFieldTermTest-95-84098516.html
http://drupal8.local/sites/simpletest/browser_output/Drupal_Tests_conditional_fields_FunctionalJavascript_ConditionalFieldTermTest-96-84098516.html
http://drupal8.local/sites/simpletest/browser_output/Drupal_Tests_conditional_fields_FunctionalJavascript_ConditionalFieldTermTest-97-87374174.html
http://drupal8.local/sites/simpletest/browser_output/Drupal_Tests_conditional_fields_FunctionalJavascript_ConditionalFieldTermTest-98-87374174.html
http://drupal8.local/sites/simpletest/browser_output/Drupal_Tests_conditional_fields_FunctionalJavascript_ConditionalFieldTermTest-99-87374174.html
http://drupal8.local/sites/simpletest/browser_output/Drupal_Tests_conditional_fields_FunctionalJavascript_ConditionalFieldTermTest-100-87374174.html
http://drupal8.local/sites/simpletest/browser_output/Drupal_Tests_conditional_fields_FunctionalJavascript_ConditionalFieldTermTest-101-87374174.html
http://drupal8.local/sites/simpletest/browser_output/Drupal_Tests_conditional_fields_FunctionalJavascript_ConditionalFieldTermTest-102-87374174.html
http://drupal8.local/sites/simpletest/browser_output/Drupal_Tests_conditional_fields_FunctionalJavascript_ConditionalFieldTermTest-103-87374174.html
http://drupal8.local/sites/simpletest/browser_output/Drupal_Tests_conditional_fields_FunctionalJavascript_ConditionalFieldTermTest-104-55759094.html
http://drupal8.local/sites/simpletest/browser_output/Drupal_Tests_conditional_fields_FunctionalJavascript_ConditionalFieldTermTest-105-55759094.html
http://drupal8.local/sites/simpletest/browser_output/Drupal_Tests_conditional_fields_FunctionalJavascript_ConditionalFieldTermTest-106-55759094.html
http://drupal8.local/sites/simpletest/browser_output/Drupal_Tests_conditional_fields_FunctionalJavascript_ConditionalFieldTermTest-107-55759094.html
http://drupal8.local/sites/simpletest/browser_output/Drupal_Tests_conditional_fields_FunctionalJavascript_ConditionalFieldTermTest-108-55759094.html
http://drupal8.local/sites/simpletest/browser_output/Drupal_Tests_conditional_fields_FunctionalJavascript_ConditionalFieldTermTest-109-55759094.html
http://drupal8.local/sites/simpletest/browser_output/Drupal_Tests_conditional_fields_FunctionalJavascript_ConditionalFieldTermTest-110-55759094.html
http://drupal8.local/sites/simpletest/browser_output/Drupal_Tests_conditional_fields_FunctionalJavascript_ConditionalFieldTermTest-111-14214735.html
http://drupal8.local/sites/simpletest/browser_output/Drupal_Tests_conditional_fields_FunctionalJavascript_ConditionalFieldTermTest-112-14214735.html
http://drupal8.local/sites/simpletest/browser_output/Drupal_Tests_conditional_fields_FunctionalJavascript_ConditionalFieldTermTest-113-14214735.html
http://drupal8.local/sites/simpletest/browser_output/Drupal_Tests_conditional_fields_FunctionalJavascript_ConditionalFieldTermTest-114-14214735.html
http://drupal8.local/sites/simpletest/browser_output/Drupal_Tests_conditional_fields_FunctionalJavascript_ConditionalFieldTermTest-115-14214735.html
http://drupal8.local/sites/simpletest/browser_output/Drupal_Tests_conditional_fields_FunctionalJavascript_ConditionalFieldTermTest-116-14214735.html
http://drupal8.local/sites/simpletest/browser_output/Drupal_Tests_conditional_fields_FunctionalJavascript_ConditionalFieldTermTest-117-14214735.html
http://drupal8.local/sites/simpletest/browser_output/Drupal_Tests_conditional_fields_FunctionalJavascript_ConditionalFieldTermTest-1-13612831.html
http://drupal8.local/sites/simpletest/browser_output/Drupal_Tests_conditional_fields_FunctionalJavascript_ConditionalFieldTermTest-2-13612831.html
http://drupal8.local/sites/simpletest/browser_output/Drupal_Tests_conditional_fields_FunctionalJavascript_ConditionalFieldTermTest-3-13612831.html
http://drupal8.local/sites/simpletest/browser_output/Drupal_Tests_conditional_fields_FunctionalJavascript_ConditionalFieldTermTest-4-13612831.html
http://drupal8.local/sites/simpletest/browser_output/Drupal_Tests_conditional_fields_FunctionalJavascript_ConditionalFieldTermTest-5-13612831.html
http://drupal8.local/sites/simpletest/browser_output/Drupal_Tests_conditional_fields_FunctionalJavascript_ConditionalFieldTermTest-6-13612831.html
http://drupal8.local/sites/simpletest/browser_output/Drupal_Tests_conditional_fields_FunctionalJavascript_ConditionalFieldTermTest-7-13612831.html
http://drupal8.local/sites/simpletest/browser_output/Drupal_Tests_conditional_fields_FunctionalJavascript_ConditionalFieldTermTest-8-57303970.html
http://drupal8.local/sites/simpletest/browser_output/Drupal_Tests_conditional_fields_FunctionalJavascript_ConditionalFieldTermTest-9-57303970.html
http://drupal8.local/sites/simpletest/browser_output/Drupal_Tests_conditional_fields_FunctionalJavascript_ConditionalFieldTermTest-10-57303970.html
http://drupal8.local/sites/simpletest/browser_output/Drupal_Tests_conditional_fields_FunctionalJavascript_ConditionalFieldTermTest-11-57303970.html
http://drupal8.local/sites/simpletest/browser_output/Drupal_Tests_conditional_fields_FunctionalJavascript_ConditionalFieldTermTest-12-57303970.html
http://drupal8.local/sites/simpletest/browser_output/Drupal_Tests_conditional_fields_FunctionalJavascript_ConditionalFieldTermTest-13-57303970.html
http://drupal8.local/sites/simpletest/browser_output/Drupal_Tests_conditional_fields_FunctionalJavascript_ConditionalFieldTermTest-14-57303970.html
http://drupal8.local/sites/simpletest/browser_output/Drupal_Tests_conditional_fields_FunctionalJavascript_ConditionalFieldTermTest-15-65078999.html
http://drupal8.local/sites/simpletest/browser_output/Drupal_Tests_conditional_fields_FunctionalJavascript_ConditionalFieldTermTest-16-65078999.html
http://drupal8.local/sites/simpletest/browser_output/Drupal_Tests_conditional_fields_FunctionalJavascript_ConditionalFieldTermTest-17-65078999.html
http://drupal8.local/sites/simpletest/browser_output/Drupal_Tests_conditional_fields_FunctionalJavascript_ConditionalFieldTermTest-18-65078999.html
http://drupal8.local/sites/simpletest/browser_output/Drupal_Tests_conditional_fields_FunctionalJavascript_ConditionalFieldTermTest-19-65078999.html
http://drupal8.local/sites/simpletest/browser_output/Drupal_Tests_conditional_fields_FunctionalJavascript_ConditionalFieldTermTest-20-65078999.html
http://drupal8.local/sites/simpletest/browser_output/Drupal_Tests_conditional_fields_FunctionalJavascript_ConditionalFieldTermTest-21-65078999.html
http://drupal8.local/sites/simpletest/browser_output/Drupal_Tests_conditional_fields_FunctionalJavascript_ConditionalFieldTermTest-22-93922039.html
http://drupal8.local/sites/simpletest/browser_output/Drupal_Tests_conditional_fields_FunctionalJavascript_ConditionalFieldTermTest-23-93922039.html
http://drupal8.local/sites/simpletest/browser_output/Drupal_Tests_conditional_fields_FunctionalJavascript_ConditionalFieldTermTest-24-93922039.html
http://drupal8.local/sites/simpletest/browser_output/Drupal_Tests_conditional_fields_FunctionalJavascript_ConditionalFieldTermTest-25-93922039.html
http://drupal8.local/sites/simpletest/browser_output/Drupal_Tests_conditional_fields_FunctionalJavascript_ConditionalFieldTermTest-26-93922039.html
http://drupal8.local/sites/simpletest/browser_output/Drupal_Tests_conditional_fields_FunctionalJavascript_ConditionalFieldTermTest-27-93922039.html
http://drupal8.local/sites/simpletest/browser_output/Drupal_Tests_conditional_fields_FunctionalJavascript_ConditionalFieldTermTest-28-93922039.html
http://drupal8.local/sites/simpletest/browser_output/Drupal_Tests_conditional_fields_FunctionalJavascript_ConditionalFieldTermTest-29-93922039.html
http://drupal8.local/sites/simpletest/browser_output/Drupal_Tests_conditional_fields_FunctionalJavascript_ConditionalFieldTermTest-30-77351400.html
http://drupal8.local/sites/simpletest/browser_output/Drupal_Tests_conditional_fields_FunctionalJavascript_ConditionalFieldTermTest-31-77351400.html
http://drupal8.local/sites/simpletest/browser_output/Drupal_Tests_conditional_fields_FunctionalJavascript_ConditionalFieldTermTest-32-77351400.html
http://drupal8.local/sites/simpletest/browser_output/Drupal_Tests_conditional_fields_FunctionalJavascript_ConditionalFieldTermTest-33-77351400.html
http://drupal8.local/sites/simpletest/browser_output/Drupal_Tests_conditional_fields_FunctionalJavascript_ConditionalFieldTermTest-34-77351400.html
http://drupal8.local/sites/simpletest/browser_output/Drupal_Tests_conditional_fields_FunctionalJavascript_ConditionalFieldTermTest-35-77351400.html
http://drupal8.local/sites/simpletest/browser_output/Drupal_Tests_conditional_fields_FunctionalJavascript_ConditionalFieldTermTest-36-77351400.html
http://drupal8.local/sites/simpletest/browser_output/Drupal_Tests_conditional_fields_FunctionalJavascript_ConditionalFieldTermTest-37-77351400.html
http://drupal8.local/sites/simpletest/browser_output/Drupal_Tests_conditional_fields_FunctionalJavascript_ConditionalFieldTermTest-38-50542428.html
http://drupal8.local/sites/simpletest/browser_output/Drupal_Tests_conditional_fields_FunctionalJavascript_ConditionalFieldTermTest-39-50542428.html
http://drupal8.local/sites/simpletest/browser_output/Drupal_Tests_conditional_fields_FunctionalJavascript_ConditionalFieldTermTest-40-50542428.html
http://drupal8.local/sites/simpletest/browser_output/Drupal_Tests_conditional_fields_FunctionalJavascript_ConditionalFieldTermTest-41-50542428.html
http://drupal8.local/sites/simpletest/browser_output/Drupal_Tests_conditional_fields_FunctionalJavascript_ConditionalFieldTermTest-42-50542428.html
http://drupal8.local/sites/simpletest/browser_output/Drupal_Tests_conditional_fields_FunctionalJavascript_ConditionalFieldTermTest-43-50542428.html
http://drupal8.local/sites/simpletest/browser_output/Drupal_Tests_conditional_fields_FunctionalJavascript_ConditionalFieldTermTest-44-50542428.html
http://drupal8.local/sites/simpletest/browser_output/Drupal_Tests_conditional_fields_FunctionalJavascript_ConditionalFieldTermTest-45-50542428.html
http://drupal8.local/sites/simpletest/browser_output/Drupal_Tests_conditional_fields_FunctionalJavascript_ConditionalFieldTermTest-1-55313223.html
http://drupal8.local/sites/simpletest/browser_output/Drupal_Tests_conditional_fields_FunctionalJavascript_ConditionalFieldTermTest-2-55313223.html
http://drupal8.local/sites/simpletest/browser_output/Drupal_Tests_conditional_fields_FunctionalJavascript_ConditionalFieldTermTest-3-55313223.html
http://drupal8.local/sites/simpletest/browser_output/Drupal_Tests_conditional_fields_FunctionalJavascript_ConditionalFieldTermTest-4-55313223.html
http://drupal8.local/sites/simpletest/browser_output/Drupal_Tests_conditional_fields_FunctionalJavascript_ConditionalFieldTermTest-5-55313223.html
http://drupal8.local/sites/simpletest/browser_output/Drupal_Tests_conditional_fields_FunctionalJavascript_ConditionalFieldTermTest-6-55313223.html
http://drupal8.local/sites/simpletest/browser_output/Drupal_Tests_conditional_fields_FunctionalJavascript_ConditionalFieldTermTest-7-55313223.html
http://drupal8.local/sites/simpletest/browser_output/Drupal_Tests_conditional_fields_FunctionalJavascript_ConditionalFieldTermTest-8-55313223.html
